INFO:     Will watch for changes in these directories: ['/home/david/proj/AgriTech/backend']
INFO:     Uvicorn running on http://0.0.0.0:8000 (Press CTRL+C to quit)
INFO:     Started reloader process [5048] using WatchFiles
INFO:     Started server process [5050]
INFO:     Waiting for application startup.
2026-08-19 18:39:02 INFO     apscheduler.scheduler: Adding job tentatively -- it will be properly scheduled when the scheduler starts
2026-08-19 18:39:02 INFO     apscheduler.scheduler: Adding job tentatively -- it will be properly scheduled when the scheduler starts
2026-08-19 18:39:02 INFO     apscheduler.scheduler: Adding job tentatively -- it will be properly scheduled when the scheduler starts
2026-08-19 18:39:02 INFO     apscheduler.scheduler: Adding job tentatively -- it will be properly scheduled when the scheduler starts
2026-08-19 18:39:02 INFO     apscheduler.scheduler: Adding job tentatively -- it will be properly scheduled when the scheduler starts
2026-08-19 18:39:02 INFO     apscheduler.scheduler: Added job "check_irrigation_schedule" to job store "default"
2026-08-19 18:39:02 INFO     apscheduler.scheduler: Added job "check_shelf_life_expiry" to job store "default"
2026-08-19 18:39:02 INFO     apscheduler.scheduler: Added job "check_shelf_life_warnings" to job store "default"
2026-08-19 18:39:02 INFO     apscheduler.scheduler: Added job "check_new_matches" to job store "default"
2026-08-19 18:39:02 INFO     apscheduler.scheduler: Added job "run_agent_jobs_per_farm" to job store "default"
2026-08-19 18:39:02 INFO     apscheduler.scheduler: Scheduler started
2026-08-19 18:39:02 INFO     app.main: Backend started (lifespan up)
INFO:     Application startup complete.
INFO:     Shutting down
INFO:     Waiting for application shutdown.
2026-08-19 18:39:23 INFO     app.main: Backend stopped (lifespan down)
2026-08-19 18:39:23 INFO     apscheduler.scheduler: Scheduler has been shut down
INFO:     Application shutdown complete.
INFO:     Finished server process [5050]
INFO:     Stopping reloader process [5048]
INFO:     Will watch for changes in these directories: ['/home/david/proj/AgriTech/backend']
INFO:     Uvicorn running on http://0.0.0.0:8000 (Press CTRL+C to quit)
INFO:     Started reloader process [267106] using WatchFiles
INFO:     Started server process [267108]
INFO:     Waiting for application startup.
2026-08-19 21:54:58 INFO     apscheduler.scheduler: Adding job tentatively -- it will be properly scheduled when the scheduler starts
2026-08-19 21:54:58 INFO     apscheduler.scheduler: Adding job tentatively -- it will be properly scheduled when the scheduler starts
2026-08-19 21:54:58 INFO     apscheduler.scheduler: Adding job tentatively -- it will be properly scheduled when the scheduler starts
2026-08-19 21:54:58 INFO     apscheduler.scheduler: Adding job tentatively -- it will be properly scheduled when the scheduler starts
2026-08-19 21:54:58 INFO     apscheduler.scheduler: Adding job tentatively -- it will be properly scheduled when the scheduler starts
2026-08-19 21:54:58 INFO     apscheduler.scheduler: Added job "check_irrigation_schedule" to job store "default"
2026-08-19 21:54:58 INFO     apscheduler.scheduler: Added job "check_shelf_life_expiry" to job store "default"
2026-08-19 21:54:58 INFO     apscheduler.scheduler: Added job "check_shelf_life_warnings" to job store "default"
2026-08-19 21:54:58 INFO     apscheduler.scheduler: Added job "check_new_matches" to job store "default"
2026-08-19 21:54:58 INFO     apscheduler.scheduler: Added job "run_agent_jobs_per_farm" to job store "default"
2026-08-19 21:54:58 INFO     apscheduler.scheduler: Scheduler started
2026-08-19 21:54:58 INFO     app.main: Backend started (lifespan up)
INFO:     Application startup complete.
INFO:     Shutting down
INFO:     Waiting for application shutdown.
2026-08-19 21:55:00 INFO     app.main: Backend stopped (lifespan down)
2026-08-19 21:55:00 INFO     apscheduler.scheduler: Scheduler has been shut down
INFO:     Application shutdown complete.
INFO:     Finished server process [267108]
INFO:     Stopping reloader process [267106]
